// Jest Snapshot v1, https://goo.gl/fbAQLP

exports[`Renders correctly 1`] = `
Array [
  <div
    className="css-0"
  >
    <div
      className="chakra-input__group css-1t5oxgh"
      onChange={[Function]}
      suggestions={
        Array [
          Object {
            "label": "cow",
            "value": "moow",
          },
          Object {
            "label": "chicken",
            "value": "kotkot",
          },
          Object {
            "label": "pig",
            "value": "röff röff",
          },
        ]
      }
    >
      <input
        className="chakra-input css-1bzjvz1"
        onBlur={[Function]}
        onChange={[Function]}
        onClick={[Function]}
        onFocus={[Function]}
        onKeyDown={[Function]}
        suggestions={
          Array [
            Object {
              "label": "cow",
              "value": "moow",
            },
            Object {
              "label": "chicken",
              "value": "kotkot",
            },
            Object {
              "label": "pig",
              "value": "röff röff",
            },
          ]
        }
        type="text"
        value=""
      />
    </div>
  </div>,
  <div
    className="css-cjymd2"
    onChange={[Function]}
    size="sm"
    suggestions={
      Array [
        Object {
          "label": "cow",
          "value": "moow",
        },
        Object {
          "label": "chicken",
          "value": "kotkot",
        },
        Object {
          "label": "pig",
          "value": "röff röff",
        },
      ]
    }
  />,
  <span />,
]
`;
